// Jest Snapshot v1, https://goo.gl/fbAQLP

exports[`the Input component should match the snapshot 1`] = `
<FormInput
  autoCapitalize="none"
  autoCorrect={false}
  onBlur={[Function]}
  onChangeText={[Function]}
  value="some text"
/>
`;
