// Jest Snapshot v1, https://goo.gl/fbAQLP

exports[`the Settings component should match the snapshot 1`] = `
<View
  style={
    Object {
      "alignItems": "stretch",
      "backgroundColor": "#f6f7fb",
      "flex": 1,
      "flexDirection": "column",
      "justifyContent": "flex-start",
    }
  }
>
  <Header>
    Settings
  </Header>
  <Placeholder
    iconName="settings"
  />
</View>
`;
